<?xml version="1.0" encoding="UTF-8"?><mappingRoot xmlns="http://www.ibm.com/2008/ccl/Mapping" domainID="com.ibm.msl.mapping.xml" domainIDExtension="zosconnect" jsonWrapped="false" targetNamespace="http://www.ibm.com/zosConnect/2.0/mapping/GET" version="8.0.5.0" xmlns:map="http://www.ibm.com/zosConnect/2.0/mapping/GET">
    <inlinedXMLSchema targetNamespace="http://www.ibm.com/zosConnect/2.0/mapping/JSON/input/GET"><![CDATA[<?xml version="1.0" encoding="UTF-8"?><xsd:schema xmlns:xsd="http://www.w3.org/2001/XMLSchema" targetNamespace="http://www.ibm.com/zosConnect/2.0/mapping/JSON/input/GET" xmlns:tns="http://www.ibm.com/zosConnect/2.0/mapping/JSON/input/GET"> 
  <xsd:element name="cscvincSelectServiceOperationResponse" type="tns:cscvincSelectServiceOperationResponse"/> 
  <xsd:complexType name="cscvincSelectServiceOperationResponse"> 
    <xsd:sequence> 
      <xsd:element name="cscvincContainer" type="tns:cscvincContainer"/> 
    </xsd:sequence> 
  </xsd:complexType> 
  <xsd:complexType name="cscvincContainer"> 
    <xsd:sequence> 
      <xsd:element minOccurs="0" name="response" type="tns:response"/> 
    </xsd:sequence> 
  </xsd:complexType> 
  <xsd:complexType name="response"> 
    <xsd:sequence> 
      <xsd:element minOccurs="0" name="CEIBRESP"> 
        <xsd:simpleType> 
          <xsd:restriction base="xsd:integer"> 
            <xsd:minInclusive value="-99999999"/> 
            <xsd:maxInclusive value="99999999"/> 
          </xsd:restriction> 
        </xsd:simpleType> 
      </xsd:element> 
      <xsd:element minOccurs="0" name="CEIBRESP2"> 
        <xsd:simpleType> 
          <xsd:restriction base="xsd:integer"> 
            <xsd:minInclusive value="0"/> 
            <xsd:maxInclusive value="99999999"/> 
          </xsd:restriction> 
        </xsd:simpleType> 
      </xsd:element> 
      <xsd:element minOccurs="0" name="useridentify"> 
        <xsd:simpleType> 
          <xsd:restriction base="xsd:string"> 
            <xsd:maxLength value="8"/> 
          </xsd:restriction> 
        </xsd:simpleType> 
      </xsd:element> 
      <xsd:element minOccurs="0" name="filea" type="tns:filea"/> 
    </xsd:sequence> 
  </xsd:complexType> 
  <xsd:complexType name="filea"> 
    <xsd:sequence> 
      <xsd:element minOccurs="0" name="employeeNumber"> 
        <xsd:simpleType> 
          <xsd:restriction base="xsd:string"> 
            <xsd:maxLength value="6"/> 
          </xsd:restriction> 
        </xsd:simpleType> 
      </xsd:element> 
      <xsd:element minOccurs="0" name="NAME"> 
        <xsd:simpleType> 
          <xsd:restriction base="xsd:string"> 
            <xsd:maxLength value="20"/> 
          </xsd:restriction> 
        </xsd:simpleType> 
      </xsd:element> 
      <xsd:element minOccurs="0" name="address"> 
        <xsd:simpleType> 
          <xsd:restriction base="xsd:string"> 
            <xsd:maxLength value="20"/> 
          </xsd:restriction> 
        </xsd:simpleType> 
      </xsd:element> 
      <xsd:element minOccurs="0" name="phoneNumber"> 
        <xsd:simpleType> 
          <xsd:restriction base="xsd:string"> 
            <xsd:maxLength value="8"/> 
          </xsd:restriction> 
        </xsd:simpleType> 
      </xsd:element> 
      <xsd:element minOccurs="0" name="date"> 
        <xsd:simpleType> 
          <xsd:restriction base="xsd:string"> 
            <xsd:maxLength value="8"/> 
          </xsd:restriction> 
        </xsd:simpleType> 
      </xsd:element> 
      <xsd:element minOccurs="0" name="amount"> 
        <xsd:simpleType> 
          <xsd:restriction base="xsd:string"> 
            <xsd:maxLength value="8"/> 
          </xsd:restriction> 
        </xsd:simpleType> 
      </xsd:element> 
      <xsd:element minOccurs="0" name="COMMENT"> 
        <xsd:simpleType> 
          <xsd:restriction base="xsd:string"> 
            <xsd:maxLength value="9"/> 
          </xsd:restriction> 
        </xsd:simpleType> 
      </xsd:element> 
    </xsd:sequence> 
  </xsd:complexType> 
</xsd:schema>]]></inlinedXMLSchema>
    <inlinedXMLSchema targetNamespace="http://www.ibm.com/zosConnect/2.0/mapping/HTTP/output/GET"><![CDATA[<?xml version="1.0" encoding="UTF-8"?><xsd:schema xmlns:xsd="http://www.w3.org/2001/XMLSchema" targetNamespace="http://www.ibm.com/zosConnect/2.0/mapping/HTTP/output/GET" xmlns:body="http://www.ibm.com/zosConnect/2.0/mapping/JSON/input/GET" xmlns:tns="http://www.ibm.com/zosConnect/2.0/mapping/HTTP/output/GET"> 
 
      <xsd:import namespace="http://www.ibm.com/zosConnect/2.0/mapping/JSON/input/GET" schemaLocation="../schema_0.xsd"/> 
 
      <xsd:element name="HTTPResponse" type="tns:HTTPResponseType"/> 
 
      <xsd:complexType name="HTTPResponseType"> 
        <xsd:sequence> 
          <xsd:element name="Headers" type="tns:HeadersType"/> 
          <xsd:element name="Body" type="tns:BodyType"/> 
        </xsd:sequence> 
      </xsd:complexType> 
 
      <xsd:complexType name="HeadersType"> 
        <xsd:sequence> 
        </xsd:sequence> 
      </xsd:complexType> 
 
      <xsd:complexType name="BodyType"> 
        <xsd:sequence> 
          <xsd:element ref="body:cscvincSelectServiceOperationResponse"/> 
        </xsd:sequence> 
      </xsd:complexType> 
    </xsd:schema>]]></inlinedXMLSchema>
    <input inlinedXMLSchema="true" path="../schema_0.xsd" targetNamespace="http://www.ibm.com/zosConnect/2.0/mapping/JSON/input/GET" var="rootInput"/>
    <output inlinedXMLSchema="true" path="../schema_1.xsd" targetNamespace="http://www.ibm.com/zosConnect/2.0/mapping/HTTP/output/GET" var="rootOutput"/>
    <namespaces>
        <namespace kind="supplement" prefix="in" uri="http://www.ibm.com/zosConnect/2.0/mapping/JSON/input/GET"/>
        <namespace kind="supplement" prefix="out" uri="http://www.ibm.com/zosConnect/2.0/mapping/HTTP/output/GET"/>
    </namespaces>
    <mappingDeclaration name="GET.employee.{numb}">
        <input namespace="http://www.ibm.com/zosConnect/2.0/mapping/JSON/input/GET" path="$rootInput/cscvincSelectServiceOperationResponse"/>
        <output namespace="http://www.ibm.com/zosConnect/2.0/mapping/HTTP/output/GET" path="$rootOutput/HTTPResponse"/>
        <passthrough>
            <input path="."/>
            <output path="Body/cscvincSelectServiceOperationResponse"/>
            <updates>
                <remove>
                    <output httpIn="body" path="Body/cscvincSelectServiceOperationResponse/cscvincContainer/response/CEIBRESP2" shape="1,2,3,4" xsdBuiltInOrDerivedSimpleType="http://www.w3.org/2001/XMLSchema:integer"/>
                </remove>
                <remove>
                    <output httpIn="body" path="Body/cscvincSelectServiceOperationResponse/cscvincContainer/response/CEIBRESP" shape="1,2,3,4" xsdBuiltInOrDerivedSimpleType="http://www.w3.org/2001/XMLSchema:integer"/>
                </remove>
            </updates>
        </passthrough>
    </mappingDeclaration>
</mappingRoot>